// Jest Snapshot v1, https://goo.gl/fbAQLP

exports[`FilterGroup Render snapshot 1`] = `ShallowWrapper {}`;
