// Jest Snapshot v1, https://goo.gl/fbAQLP

exports[`<FilterDropdown /> snapshot 1`] = `ShallowWrapper {}`;
