// Jest Snapshot v1, https://goo.gl/fbAQLP

exports[`FilterManager Test Suite snapshot 1`] = `ShallowWrapper {}`;
