// Jest Snapshot v1, https://goo.gl/fbAQLP

exports[`<BarChartGrouped /> snapshot 1`] = `ShallowWrapper {}`;
