// Jest Snapshot v1, https://goo.gl/fbAQLP

exports[`FilterItemGroup snapshot 1`] = `ShallowWrapper {}`;
