// Jest Snapshot v1, https://goo.gl/fbAQLP

exports[`<BarChartStacked /> snapshot 1`] = `ShallowWrapper {}`;
