// Jest Snapshot v1, https://goo.gl/fbAQLP

exports[`FilterSelectGroup Render snapshot 1`] = `ShallowWrapper {}`;
