// Jest Snapshot v1, https://goo.gl/fbAQLP

exports[`<Treemap /> snapshot 1`] = `ShallowWrapper {}`;
